<html>
<body>
<pre>
<h1>µVision Build Log</h1>
<h2>Tool Versions:</h2>
IDE-Version: ¦ÌVision V5.31.0.0
Copyright (C) 2020 ARM Ltd and ARM Germany GmbH. All rights reserved.
License Information: 1317379456@qq.com 1317379456@qq.com, 1317379456@qq.com, LIC=HN0AE-540JS-KPVZY-I56BS-TG59Y-IT7VW
 
Tool Versions:
Toolchain:       MDK-ARM Plus  Version: 5.31.0.0
Toolchain Path:  E:\Keil\ARM\ARMCC\Bin
C Compiler:      Armcc.exe V5.06 update 6 (build 750)
Assembler:       Armasm.exe V5.06 update 6 (build 750)
Linker/Locator:  ArmLink.exe V5.06 update 6 (build 750)
Library Manager: ArmAr.exe V5.06 update 6 (build 750)
Hex Converter:   FromElf.exe V5.06 update 6 (build 750)
CPU DLL:         SARMCM3.DLL V5.31.0.0
Dialog DLL:      DCM.DLL V1.17.3.0
Target DLL:      STLink\ST-LINKIII-KEIL_SWO.dll V3.0.7.0
Dialog DLL:      TCM.DLL V1.46.0.0
 
<h2>Project:</h2>
E:\BaiduNetdiskDownload\CubeMXProject\WcAct H743\03-LCD_Test\MDK-ARM\03-LCD_Test.uvprojx
Project File Date:  06/15/2021

<h2>Output:</h2>
*** Using Compiler 'V5.06 update 6 (build 750)', folder: 'E:\Keil\ARM\ARMCC\Bin'
Build target '03-LCD_Test'
compiling st7735.c...
compiling logo_160_80.c...
compiling st7735_reg.c...
compiling debug.c...
compiling lcd.c...
compiling stm32h7xx_hal_msp.c...
compiling stm32h7xx_hal_cortex.c...
compiling rtc.c...
compiling spi.c...
compiling gpio.c...
compiling stm32h7xx_hal_gpio.c...
compiling stm32h7xx_hal_hsem.c...
compiling tim.c...
compiling main.c...
..\Function\pid.h(3): warning:  #1-D: last line of file ends without a newline
  int Velocity_PID (int v, int tar);
../Src/main.c(182): warning:  #177-D: variable "text"  was declared but never referenced
  	uint8_t text[20];
../Src/main.c(123): warning:  #177-D: function "RTC_CalendarShow"  was declared but never referenced
  static void RTC_CalendarShow(RTC_DateTypeDef *sdatestructureget,RTC_TimeTypeDef *stimestructureget)
../Src/main.c: 3 warnings, 0 errors
compiling stm32h7xx_it.c...
compiling stm32h7xx_hal_flash_ex.c...
compiling stm32h7xx_hal_flash.c...
compiling stm32h7xx_hal_rcc.c...
compiling stm32h7xx_hal_rcc_ex.c...
compiling stm32h7xx_hal.c...
compiling stm32h7xx_hal_mdma.c...
compiling pid.c...
..\Function\pid.h(3): warning:  #1-D: last line of file ends without a newline
  int Velocity_PID (int v, int tar);
..\Function\pid.c(101): warning:  #1-D: last line of file ends without a newline
  }
..\Function\pid.c: 2 warnings, 0 errors
compiling stm32h7xx_hal_pwr.c...
compiling stm32h7xx_hal_i2c_ex.c...
compiling stm32h7xx_hal_exti.c...
compiling stm32h7xx_hal_dma_ex.c...
compiling stm32h7xx_hal_rtc.c...
compiling stm32h7xx_hal_rtc_ex.c...
compiling stm32h7xx_hal_pwr_ex.c...
compiling stm32h7xx_hal_spi_ex.c...
compiling stm32h7xx_hal_spi.c...
compiling stm32h7xx_hal_i2c.c...
compiling stm32h7xx_hal_tim_ex.c...
compiling system_stm32h7xx.c...
compiling stm32h7xx_hal_tim.c...
compiling stm32h7xx_hal_dma.c...
compiling control.c...
linking...
Program Size: Code=21396 RO-data=29108 RW-data=168 ZI-data=3536  
FromELF: creating hex file...
".\03-LCD_Test_0_96\03-LCD_Test_0_96.axf" - 0 Error(s), 5 Warning(s).

<h2>Software Packages used:</h2>

Package Vendor: ARM
                http://www.keil.com/pack/ARM.CMSIS.5.7.0.pack
                ARM.CMSIS.5.7.0
                CMSIS (Cortex Microcontroller Software Interface Standard)
   * Component: CORE Version: 5.4.0

Package Vendor: Keil
                http://www.keil.com/pack/Keil.STM32H7xx_DFP.2.7.0.pack
                Keil.STM32H7xx_DFP.2.7.0
                STMicroelectronics STM32H7 Series Device Support and Examples

<h2>Collection of Component include folders:</h2>
  .\RTE\_03-LCD_Test
  E:\Keil\Pack\ARM\CMSIS\5.7.0\CMSIS\Core\Include
  E:\Keil\Pack\Keil\STM32H7xx_DFP\2.7.0\Drivers\CMSIS\Device\ST\STM32H7xx\Include

<h2>Collection of Component Files used:</h2>

   * Component: ARM::CMSIS:CORE:5.4.0
Build Time Elapsed:  00:01:19
</pre>
</body>
</html>
